// Jest Snapshot v1, https://goo.gl/fbAQLP

exports[`ProductTitle Debe de mostrar el componente con el nombre producto 1`] = `
<div
  className="productCard undefined"
>
  <span
    className="productDescription undefined"
  >
    Coffee Mug - Card
  </span>
</div>
`;

exports[`ProductTitle Debe mostrar el componente correctamente con el t√≠tulo personalizado 1`] = `
<span
  className="productDescription testClass"
>
  Custom Prop
</span>
`;
